2026-10-07T11:54:03Z start: student BC session; reading rl_lab, teacher data (small_555: 22 eps)
2026-10-07T11:55:19Z prep: outputs/teacher/small_555 -> outputs/student/prep_small_555, 22 episodes [0, 1, 2, 3, 4, 5, 6, 7, 8, 9, 10, 11, 12, 13, 14, 15, 18, 19, 20, 21, 22, 23]
2026-10-07T11:55:34Z prep ep0: T=52 slot_feat=35 node=35 edge=13 glob=14 cpu=14.8s
2026-10-07T11:55:49Z prep ep1: T=52 slot_feat=35 node=35 edge=13 glob=14 cpu=14.2s
2026-10-07T11:56:02Z prep ep2: T=52 slot_feat=35 node=35 edge=13 glob=14 cpu=12.4s
2026-10-07T11:56:14Z prep ep3: T=52 slot_feat=35 node=35 edge=13 glob=14 cpu=11.9s
2026-10-07T11:56:27Z prep ep4: T=52 slot_feat=35 node=35 edge=13 glob=14 cpu=12.7s
2026-10-07T11:56:39Z prep ep5: T=52 slot_feat=35 node=35 edge=13 glob=14 cpu=12.4s
2026-10-07T11:56:53Z prep ep6: T=52 slot_feat=35 node=35 edge=13 glob=14 cpu=13.6s
2026-10-07T11:57:05Z prep ep7: T=52 slot_feat=35 node=35 edge=13 glob=14 cpu=11.8s
2026-10-07T11:57:20Z prep ep8: T=52 slot_feat=35 node=35 edge=13 glob=14 cpu=14.6s
2026-10-07T11:57:31Z prep ep9: T=52 slot_feat=35 node=35 edge=13 glob=14 cpu=11.3s
2026-10-07T11:57:45Z prep ep10: T=52 slot_feat=35 node=35 edge=13 glob=14 cpu=13.0s
2026-10-07T11:57:58Z prep ep11: T=52 slot_feat=35 node=35 edge=13 glob=14 cpu=13.5s
2026-10-07T11:58:11Z prep ep12: T=52 slot_feat=35 node=35 edge=13 glob=14 cpu=12.3s
2026-10-07T11:58:27Z prep ep13: T=52 slot_feat=35 node=35 edge=13 glob=14 cpu=15.8s
2026-10-07T11:58:41Z prep ep14: T=52 slot_feat=35 node=35 edge=13 glob=14 cpu=13.6s
2026-10-07T11:58:58Z prep ep15: T=52 slot_feat=35 node=35 edge=13 glob=14 cpu=17.5s
2026-10-07T11:59:12Z prep ep18: T=52 slot_feat=35 node=35 edge=13 glob=14 cpu=13.0s
2026-10-07T11:59:24Z prep ep19: T=52 slot_feat=35 node=35 edge=13 glob=14 cpu=12.4s
2026-10-07T11:59:39Z prep ep20: T=52 slot_feat=35 node=35 edge=13 glob=14 cpu=14.6s
2026-10-07T11:59:51Z prep ep21: T=52 slot_feat=35 node=35 edge=13 glob=14 cpu=12.2s
2026-10-07T12:00:03Z prep ep22: T=52 slot_feat=35 node=35 edge=13 glob=14 cpu=11.6s
2026-10-07T12:00:16Z prep ep23: T=52 slot_feat=35 node=35 edge=13 glob=14 cpu=12.6s
2026-10-07T12:00:16Z gate:
  episodes 22, weeks 1144, slots 108
  (a) teacher flow on anchor-zero slots: 0.077 of volume, 0.059 of value | anchor-zero share of masked slot-weeks 0.470 | of teacher-positive slot-weeks 0.115 | (mirror) anchor value on teacher-zero slots 0.177
      lng           share of teacher value 0.075; on anchor-zero 0.053; teacher/anchor total volume 0.862
      crude         share of teacher value 0.007; on anchor-zero 0.234; teacher/anchor total volume 0.812
      nucfuel       share of teacher value 0.001; on anchor-zero 1.000; teacher/anchor total volume 78722000000.000
      wafer         share of teacher value 0.037; on anchor-zero 0.051; teacher/anchor total volume 0.272
      chip_le_raw   share of teacher value 0.383; on anchor-zero 0.096; teacher/anchor total volume 0.926
      chip_mat_raw  share of teacher value 0.021; on anchor-zero 0.274; teacher/anchor total volume 1.131
      chip_le       share of teacher value 0.445; on anchor-zero 0.008; teacher/anchor total volume 1.022
      chip_mat      share of teacher value 0.030; on anchor-zero 0.134; teacher/anchor total volume 1.033
  (b) both>0 slot-weeks 28347; ratio quantiles 5/10/25/50/75/90/95% = 0.506 / 0.775 / 1 / 1 / 1 / 1.52 / 3.13; outside [0.5,2]: 0.126 (value-weighted 0.108); within ±5%: 0.678
  (c) release_mode differs in 0.560 of pair-weeks; anchor modes [13545, 2471, 0] teacher modes [4576, 11440, 0] (default/override/hold)
      chk_hormuz/lng               differs 0.903  override: anchor 0.097 teacher 1.000  teacher hold 0.000
      chk_hormuz/crude             differs 0.795  override: anchor 0.205 teacher 1.000  teacher hold 0.000
      chk_malacca/lng              differs 0.548  override: anchor 0.452 teacher 1.000  teacher hold 0.000
      chk_malacca/crude            differs 0.656  override: anchor 0.344 teacher 1.000  teacher hold 0.000
      chk_suez/lng                 differs 0.570  override: anchor 0.430 teacher 1.000  teacher hold 0.000
      chk_suez/crude               differs 0.000  override: anchor 0.000 teacher 0.000  teacher hold 0.000
      chk_cape/lng                 differs 1.000  override: anchor 0.000 teacher 1.000  teacher hold 0.000
      chk_cape/crude               differs 0.000  override: anchor 0.000 teacher 0.000  teacher hold 0.000
      chk_taiwan/lng               differs 1.000  override: anchor 0.000 teacher 1.000  teacher hold 0.000
      chk_taiwan/crude             differs 0.617  override: anchor 0.383 teacher 1.000  teacher hold 0.000
      chk_panama/lng               differs 0.751  override: anchor 0.249 teacher 1.000  teacher hold 0.000
      chk_panama/crude             differs 1.000  override: anchor 0.000 teacher 1.000  teacher hold 0.000
      chk_turkish/lng              differs 0.000  override: anchor 0.000 teacher 0.000  teacher hold 0.000
      chk_turkish/crude            differs 0.000  override: anchor 0.000 teacher 0.000  teacher hold 0.000
      override_qty value per episode: teacher 1.67e+10 USD-v, anchor 4.41e+09; teacher flows value per episode 6.56e+11
  (d) |teacher-anchor|/cap0: mean over masked slot-weeks 0.1244; over not-both-zero 0.2189 (signed -0.1137); quantiles 50/75/90/95/99% 0.0502 / 0.284 / 1 / 1 / 1; max 2.93
      teacher/cap0 where >0, q50/90/99: [0.41631807435526036, 1.0, 1.0]; anchor/cap0 where >0: [0.25, 1.0, 1.0]
      lng           mean |d|/cap0 0.1560  (n=14820)
      crude         mean |d|/cap0 0.1623  (n=9031)
      nucfuel       mean |d|/cap0 0.8395  (n=15)
      wafer         mean |d|/cap0 0.4210  (n=13105)
      chip_le_raw   mean |d|/cap0 0.2021  (n=5514)
      chip_mat_raw  mean |d|/cap0 0.2131  (n=1798)
      chip_le       mean |d|/cap0 0.0575  (n=6156)
      chip_mat      mean |d|/cap0 0.1927  (n=4587)
2026-10-07T12:02:17Z gate_play ep0: teacher J ok=True; bn USD vs teacher: anchor -105.7, t_flows+a_rel +893.2, t_flows+def +1382.4, a_flows+t_rel -158.2; exec share teacher 0.876 anchor 0.999 (61s)
2026-10-07T12:03:11Z gate_play ep1: teacher J ok=True; bn USD vs teacher: anchor +64.5, t_flows+a_rel +722.1, t_flows+def +1140.8, a_flows+t_rel +40.7; exec share teacher 0.997 anchor 1.000 (55s)
2026-10-07T12:03:11Z gate_play summary (bn USD/ep, + = worse than teacher): {"anchor": {"mean_bn_vs_teacher": -20.590296941669997, "se": 85.10112023243998}, "t_flows+a_rel": {"mean_bn_vs_teacher": 807.6127030146799, "se": 85.54472259138998}, "t_flows+def": {"mean_bn_vs_teacher": 1261.56654535106, "se": 120.78969364525994}, "a_flows+t_rel": {"mean_bn_vs_teacher": -58.771234982885, "se": 99.458553907605}, "release_share_of_gap": -39.22297504026077, "exec_share_teacher": {"lng": 0.9792777507919976, "crude": 0.9920793322418389, "nucfuel": NaN, "wafer": 0.9659571243853919, "chip_le_raw": 0.9298787677378539, "chip_mat_raw": 0.8671435541136593, "chip_le": 0.9461487478752251, "chip_mat": 0.8878133343640694}, "exec_share_anchor": {"lng": 1.0, "crude": 0.9994386658211165, "nucfuel": NaN, "wafer": 0.9942061308923207, "chip_le_raw": 0.9993503231498468, "chip_mat_raw": 0.9987108109540603, "chip_le": 1.0, "chip_mat": 1.0}}
2026-10-07T12:05:20Z gate_play ep0: teacher J ok=True; bn USD vs teacher: anchor -105.7, t_flows+a_rel +893.2, t_flows+def +1382.4, a_flows+t_rel -158.2, t_chips +105.4, t_fuel+t_rel -26.2; exec share teacher 0.876 anchor 0.999 (95s)
2026-10-07T12:06:59Z gate_play ep1: teacher J ok=True; bn USD vs teacher: anchor +64.5, t_flows+a_rel +722.1, t_flows+def +1140.8, a_flows+t_rel +40.7, t_chips +77.3, t_fuel+t_rel +14.2; exec share teacher 0.997 anchor 1.000 (98s)
2026-10-07T12:08:33Z gate_play ep2: teacher J ok=True; bn USD vs teacher: anchor +28.9, t_flows+a_rel +271.6, t_flows+def +528.8, a_flows+t_rel +33.5, t_chips +15.8, t_fuel+t_rel -0.8; exec share teacher 0.970 anchor 0.989 (94s)
2026-10-07T12:10:05Z gate_play ep3: teacher J ok=True; bn USD vs teacher: anchor +119.7, t_flows+a_rel +822.8, t_flows+def +889.9, a_flows+t_rel +59.4, t_chips +151.6, t_fuel+t_rel +4.9; exec share teacher 0.989 anchor 1.000 (92s)
2026-10-07T12:11:34Z gate_play ep4: teacher J ok=True; bn USD vs teacher: anchor +143.4, t_flows+a_rel +557.7, t_flows+def +679.6, a_flows+t_rel +67.4, t_chips +162.5, t_fuel+t_rel +11.0; exec share teacher 0.989 anchor 1.000 (90s)
2026-10-07T12:13:03Z gate_play ep5: teacher J ok=True; bn USD vs teacher: anchor +41.6, t_flows+a_rel +807.5, t_flows+def +893.4, a_flows+t_rel +42.2, t_chips +93.2, t_fuel+t_rel +18.1; exec share teacher 0.956 anchor 1.000 (89s)
2026-10-07T12:14:40Z gate_play ep6: teacher J ok=True; bn USD vs teacher: anchor +62.9, t_flows+a_rel +872.5, t_flows+def +877.7, a_flows+t_rel +29.2, t_chips +110.8, t_fuel+t_rel -1.3; exec share teacher 0.983 anchor 0.999 (96s)
2026-10-07T12:16:10Z gate_play ep7: teacher J ok=True; bn USD vs teacher: anchor +66.5, t_flows+a_rel +475.0, t_flows+def +641.8, a_flows+t_rel +47.9, t_chips +93.3, t_fuel+t_rel +23.3; exec share teacher 0.905 anchor 0.999 (90s)
2026-10-07T12:17:46Z gate_play ep8: teacher J ok=True; bn USD vs teacher: anchor -137.0, t_flows+a_rel +921.3, t_flows+def +1102.9, a_flows+t_rel -132.7, t_chips +73.3, t_fuel+t_rel -16.9; exec share teacher 0.995 anchor 0.998 (96s)
2026-10-07T12:19:14Z gate_play ep9: teacher J ok=True; bn USD vs teacher: anchor -4.8, t_flows+a_rel +415.4, t_flows+def +646.3, a_flows+t_rel +3.6, t_chips +24.5, t_fuel+t_rel -20.3; exec share teacher 0.904 anchor 0.999 (88s)
2026-10-07T12:19:14Z gate_play summary (bn USD/ep, + = worse than teacher): {"anchor": {"mean_bn_vs_teacher": 28.013977766602, "se": 28.306819220654535}, "t_flows+a_rel": {"mean_bn_vs_teacher": 675.9133709887021, "se": 72.47619812325102}, "t_flows+def": {"mean_bn_vs_teacher": 878.347228033299, "se": 84.669449172519}, "a_flows+t_rel": {"mean_bn_vs_teacher": 3.297662261177004, "se": 25.46157826548673}, "t_chips": {"mean_bn_vs_teacher": 90.76970754791901, "se": 14.89412191187213}, "t_fuel+t_rel": {"mean_bn_vs_teacher": 0.5930133096540005, "se": 5.3722584162761855}, "release_share_of_gap": 24.127718548935228, "exec_share_teacher": {"lng": 0.9851438855669008, "crude": 0.9930101190796912, "nucfuel": NaN, "wafer": 0.9799953503439378, "chip_le_raw": 0.9546903570115592, "chip_mat_raw": 0.9642142254556922, "chip_le": 0.9561539678139324, "chip_mat": 0.897516012180566}, "exec_share_anchor": {"lng": 0.9997187565127312, "crude": 0.9998753514177345, "nucfuel": NaN, "wafer": 0.9851001874267762, "chip_le_raw": 0.9989284543522254, "chip_mat_raw": 0.9996565774357966, "chip_le": 0.9998492739135116, "chip_mat": 0.9998743628521627}}
2026-10-07T12:25:26Z gate_play[t_fuel+a_rel] ep0: bn USD vs teacher: anchor -105.7, t_fuel+a_rel +910.0
2026-10-07T12:26:06Z gate_play[t_fuel+a_rel] ep1: bn USD vs teacher: anchor +64.5, t_fuel+a_rel +717.1
2026-10-07T12:26:45Z gate_play[t_fuel+a_rel] ep2: bn USD vs teacher: anchor +28.9, t_fuel+a_rel +246.5
2026-10-07T12:27:23Z gate_play[t_fuel+a_rel] ep3: bn USD vs teacher: anchor +119.7, t_fuel+a_rel +814.1
2026-10-07T12:28:01Z gate_play[t_fuel+a_rel] ep4: bn USD vs teacher: anchor +143.4, t_fuel+a_rel +556.1
2026-10-07T12:28:38Z gate_play[t_fuel+a_rel] ep5: bn USD vs teacher: anchor +41.6, t_fuel+a_rel +803.4
2026-10-07T12:29:19Z gate_play[t_fuel+a_rel] ep6: bn USD vs teacher: anchor +62.9, t_fuel+a_rel +868.2
2026-10-07T12:29:53Z gate_play[t_fuel+a_rel] ep7: bn USD vs teacher: anchor +66.5, t_fuel+a_rel +473.3
2026-10-07T12:30:31Z gate_play[t_fuel+a_rel] ep8: bn USD vs teacher: anchor -137.0, t_fuel+a_rel +907.3
2026-10-07T12:31:05Z gate_play[t_fuel+a_rel] ep9: bn USD vs teacher: anchor -4.8, t_fuel+a_rel +352.4
2026-10-07T12:31:05Z gate_play[t_fuel+a_rel] summary: {"anchor": {"mean_bn_vs_teacher": 28.013977766602, "se": 28.306819220654535}, "t_fuel+a_rel": {"mean_bn_vs_teacher": 664.8304947442391, "se": 76.41768053704891}}
2026-10-07T12:36:10Z GATE verdict: delta-on-flows form cannot express teacher (gain in fuel+override releases; t_fuel+a_rel -637 bn/ep 0/10; releases alone +24.7±9.6). STOP after step 1; no training. See GATE.md
2026-10-07T12:36:30Z gate:
  episodes 22, weeks 1144, slots 108
  (a) teacher flow on anchor-zero slots: 0.077 of volume, 0.059 of value | anchor-zero share of masked slot-weeks 0.470 | of teacher-positive slot-weeks 0.115 | (mirror) anchor value on teacher-zero slots 0.177
      lng           share of teacher value 0.075; on anchor-zero 0.053; teacher/anchor total volume 0.862
      crude         share of teacher value 0.007; on anchor-zero 0.234; teacher/anchor total volume 0.812
      nucfuel       share of teacher value 0.001; on anchor-zero 1.000; teacher/anchor total volume 78722000000.000
      wafer         share of teacher value 0.037; on anchor-zero 0.051; teacher/anchor total volume 0.272
      chip_le_raw   share of teacher value 0.383; on anchor-zero 0.096; teacher/anchor total volume 0.926
      chip_mat_raw  share of teacher value 0.021; on anchor-zero 0.274; teacher/anchor total volume 1.131
      chip_le       share of teacher value 0.445; on anchor-zero 0.008; teacher/anchor total volume 1.022
      chip_mat      share of teacher value 0.030; on anchor-zero 0.134; teacher/anchor total volume 1.033
  (b) both>0 slot-weeks 28347; ratio quantiles 5/10/25/50/75/90/95% = 0.506 / 0.775 / 1 / 1 / 1 / 1.52 / 3.13; outside [0.5,2]: 0.126 (value-weighted 0.108); within ±5%: 0.678
  (c) release_mode differs in 0.560 of pair-weeks; anchor modes [13545, 2471, 0] teacher modes [4576, 11440, 0] (default/override/hold)
      chk_hormuz/lng               differs 0.903  override: anchor 0.097 teacher 1.000  teacher hold 0.000
      chk_hormuz/crude             differs 0.795  override: anchor 0.205 teacher 1.000  teacher hold 0.000
      chk_malacca/lng              differs 0.548  override: anchor 0.452 teacher 1.000  teacher hold 0.000
      chk_malacca/crude            differs 0.656  override: anchor 0.344 teacher 1.000  teacher hold 0.000
      chk_suez/lng                 differs 0.570  override: anchor 0.430 teacher 1.000  teacher hold 0.000
      chk_suez/crude               differs 0.000  override: anchor 0.000 teacher 0.000  teacher hold 0.000
      chk_cape/lng                 differs 1.000  override: anchor 0.000 teacher 1.000  teacher hold 0.000
      chk_cape/crude               differs 0.000  override: anchor 0.000 teacher 0.000  teacher hold 0.000
      chk_taiwan/lng               differs 1.000  override: anchor 0.000 teacher 1.000  teacher hold 0.000
      chk_taiwan/crude             differs 0.617  override: anchor 0.383 teacher 1.000  teacher hold 0.000
      chk_panama/lng               differs 0.751  override: anchor 0.249 teacher 1.000  teacher hold 0.000
      chk_panama/crude             differs 1.000  override: anchor 0.000 teacher 1.000  teacher hold 0.000
      chk_turkish/lng              differs 0.000  override: anchor 0.000 teacher 0.000  teacher hold 0.000
      chk_turkish/crude            differs 0.000  override: anchor 0.000 teacher 0.000  teacher hold 0.000
      override_qty value per episode: teacher 1.67e+10 USD-v, anchor 4.41e+09; teacher flows value per episode 6.56e+11
  (d) |teacher-anchor|/cap0: mean over masked slot-weeks 0.1244; over not-both-zero 0.2189 (signed -0.1137); quantiles 50/75/90/95/99% 0.0502 / 0.284 / 1 / 1 / 1; max 2.93
      teacher/cap0 where >0, q50/90/99: [0.41631807435526036, 1.0, 1.0]; anchor/cap0 where >0: [0.25, 1.0, 1.0]
      lng           mean |d|/cap0 0.1560  (n=14820)
      crude         mean |d|/cap0 0.1623  (n=9031)
      nucfuel       mean |d|/cap0 0.8395  (n=15)
      wafer         mean |d|/cap0 0.4210  (n=13105)
      chip_le_raw   mean |d|/cap0 0.2021  (n=5514)
      chip_mat_raw  mean |d|/cap0 0.2131  (n=1798)
      chip_le       mean |d|/cap0 0.0575  (n=6156)
      chip_mat      mean |d|/cap0 0.1927  (n=4587)
2026-10-07T12:38:01Z follow-up: release gate (shift / foreign / constant metering alpha)
2026-10-07T12:39:00Z gate_release stats:
  teacher alpha = released / queued at week start, 22 episodes; Spearman rho with observables
  pair                      n    med    q25    q75   queue   week   open  kappa next_u  queue/ep
  chk_hormuz/lng           28  1.891  1.000  8.126   -0.87  +0.37  -0.45  -0.45  -0.23     -0.51
  chk_hormuz/crude         78  0.012  0.000  0.940   -0.10  +0.21  +0.40  +0.40   +nan     -0.07
  chk_malacca/lng         161  0.202  0.008  0.623   -0.84  -0.33  -0.19  -0.19  +0.65     -0.39
  chk_malacca/crude       145  0.192  0.032  0.769   -0.78  +0.12  +0.60  +0.60  +0.04     -0.48
  chk_suez/lng            200  0.520  0.076  1.007   +0.10  +0.32  +0.31  +0.31  +0.77     -0.46
  chk_cape/lng             90  0.808  0.362  1.756   -0.70  -0.17   +nan   +nan  +0.49     -0.55
  chk_taiwan/lng           42  1.133  0.889  1.777   -0.42  +0.35  -0.14  -0.14  +0.40     -0.45
  chk_taiwan/crude        132  0.484  0.178  1.000   -0.44  +0.15   +nan   +nan  +0.29     -0.45
  chk_panama/lng           27  0.000  0.000  2.008   +0.05  +0.91   +nan  -0.30  -0.44     +0.18
  chk_panama/crude         24  0.000  0.000  0.000   +1.00  +1.00   +nan   +nan  +0.54     +0.76
  pooled                  927  0.424  0.055  1.000   -0.28  +0.09  +0.18  -0.01  +0.25
  share of log-alpha variance within episodes (per pair): 0.41
2026-10-07T12:40:41Z gate_release ep0: bn vs anchor own +52.5, shift+1 +12.5, shift-1 -24.9, foreign -770.6 (92s)
2026-10-07T12:42:15Z gate_release ep1: bn vs anchor own +23.8, shift+1 -26.1, shift-1 +11.6, foreign -897.5 (94s)
2026-10-07T12:43:42Z gate_release ep2: bn vs anchor own -4.6, shift+1 -6.7, shift-1 -13.8, foreign -304.7 (86s)
2026-10-07T12:45:14Z gate_release ep3: bn vs anchor own +60.3, shift+1 +47.5, shift-1 +37.8, foreign -322.9 (92s)
2026-10-07T12:46:44Z gate_release ep4: bn vs anchor own +75.9, shift+1 +62.7, shift-1 +49.3, foreign -300.8 (90s)
2026-10-07T12:48:13Z gate_release ep5: bn vs anchor own -0.6, shift+1 -20.1, shift-1 -31.3, foreign -374.4 (89s)
2026-10-07T12:49:57Z gate_release ep6: bn vs anchor own +33.7, shift+1 +5.9, shift-1 +11.1, foreign -403.8 (104s)
2026-10-07T12:51:28Z gate_release ep7: bn vs anchor own +18.6, shift+1 +3.8, shift-1 -1.3, foreign -208.4 (91s)
2026-10-07T12:53:04Z gate_release ep8: bn vs anchor own -4.2, shift+1 -21.7, shift-1 -29.8, foreign -559.4 (95s)
2026-10-07T12:54:33Z gate_release ep9: bn vs anchor own -8.3, shift+1 -28.2, shift-1 -31.2, foreign -398.0 (90s)
2026-10-07T12:54:33Z gate_release summary (bn/ep vs anchor, + better): {"own": {"gain_bn": 24.716315505425, "se": 9.552944497192883, "better": 6, "n": 10}, "shift+1": {"gain_bn": 2.950937211617001, "se": 9.83108920959646, "better": 5, "n": 10}, "shift-1": {"gain_bn": -2.2403396984510002, "se": 9.261150893347182, "better": 4, "n": 10}, "foreign": {"gain_bn": -454.05215474692005, "se": 70.18329617075968, "better": 0, "n": 10}}
2026-10-07T12:56:52Z gate_release ep0: bn vs anchor alpha=0.25 -272.7, alpha=0.4 -153.9, alpha=0.42 -153.9, alpha=0.6 -96.7, alpha=0.8 -99.8, alpha=1.0 -43.0 (137s)
2026-10-07T12:59:05Z gate_release ep1: bn vs anchor alpha=0.25 -16.0, alpha=0.4 -45.2, alpha=0.42 -44.1, alpha=0.6 -17.5, alpha=0.8 -32.1, alpha=1.0 -18.0 (133s)
2026-10-07T13:01:05Z gate_release ep2: bn vs anchor alpha=0.25 -10.2, alpha=0.4 -10.3, alpha=0.42 -9.9, alpha=0.6 -10.3, alpha=0.8 -9.9, alpha=1.0 -9.2 (120s)
2026-10-07T13:03:16Z gate_release ep3: bn vs anchor alpha=0.25 -4.7, alpha=0.4 -0.7, alpha=0.42 -0.4, alpha=0.6 +1.7, alpha=0.8 +3.2, alpha=1.0 +4.4 (131s)
2026-10-07T13:05:21Z gate_release ep4: bn vs anchor alpha=0.25 -96.7, alpha=0.4 -59.9, alpha=0.42 -56.8, alpha=0.6 -43.3, alpha=0.8 -41.9, alpha=1.0 -22.2 (125s)
2026-10-07T13:07:35Z gate_release ep5: bn vs anchor alpha=0.25 -126.9, alpha=0.4 -75.9, alpha=0.42 -72.0, alpha=0.6 -51.8, alpha=0.8 -55.7, alpha=1.0 -22.6 (133s)
2026-10-07T13:09:31Z alpha run was stopped by the session's background time limit after ep5; rerunning ep6-9 (tag alpha_b)
2026-10-07T13:11:55Z gate_release ep6: bn vs anchor alpha=0.25 -96.1, alpha=0.4 -53.2, alpha=0.42 -60.7, alpha=0.6 -43.5, alpha=0.8 -28.1, alpha=1.0 -27.9 (143s)
2026-10-07T13:14:03Z gate_release ep7: bn vs anchor alpha=0.25 -113.4, alpha=0.4 -64.2, alpha=0.42 -82.7, alpha=0.6 -85.8, alpha=0.8 -54.3, alpha=1.0 -38.2 (129s)
2026-10-07T13:16:19Z gate_release ep8: bn vs anchor alpha=0.25 -224.0, alpha=0.4 -113.3, alpha=0.42 -123.2, alpha=0.6 -96.1, alpha=0.8 -90.2, alpha=1.0 -63.4 (135s)
2026-10-07T13:18:25Z gate_release ep9: bn vs anchor alpha=0.25 -43.7, alpha=0.4 -32.7, alpha=0.42 -31.7, alpha=0.6 -28.5, alpha=0.8 -25.0, alpha=1.0 -23.8 (126s)
2026-10-07T13:18:25Z gate_release summary (bn/ep vs anchor, + better): {"alpha=0.25": {"gain_bn": -119.29682771937249, "se": 37.911218056755345, "better": 0, "n": 4}, "alpha=0.4": {"gain_bn": -65.838165664695, "se": 17.100660383480747, "better": 0, "n": 4}, "alpha=0.42": {"gain_bn": -74.5828718907025, "se": 19.282464713511278, "better": 0, "n": 4}, "alpha=0.6": {"gain_bn": -63.47467766133, "se": 16.297364035549098, "better": 0, "n": 4}, "alpha=0.8": {"gain_bn": -49.414081095077506, "se": 15.109179288298094, "better": 0, "n": 4}, "alpha=1.0": {"gain_bn": -38.33801575174, "se": 8.884697042942234, "better": 0, "n": 4}}
2026-10-07T13:19:04Z RELEASE GATE verdict (c): only the teacher's own schedule works (+24.7±9.6); shift+1 +3.0±9.8, shift-1 -2.2±9.3, foreign -454±70 (0/10); constant alpha 0.25..1.0 all worse than anchor (best alpha=1.0 -26.4±5.9, 1/10). Foresight rent; close the branch. See GATE.md part 3
