VARIANT LOG (root 111, screen.py = compare.py's numbers; difference against pull, 90% paired interval)
=====================================================================================================
[A] 32 episodes (0..31), pull = 0.4779
 v1_c1   pulse=off cover_weeks=1 (order-up-to, priority, tg valve; no time concentration)      0.5801  +0.1023  [+0.0644, +0.1455]   (compare.py gives the identical line)
 v1_c3   pulse=off cover_weeks=3                                                               0.5722  +0.0944  [+0.0576, +0.1368]
 v2_c1   pulse=on  cover_weeks=1 (hold/prime/run for lng at grids with premium >= 0.1)         0.6004  +0.1225  [+0.0829, +0.1661]
 v2_c3   pulse=on  cover_weeks=3                                                               0.6165  +0.1387  [+0.0978, +0.1851]
 v2_c6   pulse=on  cover_weeks=6                                                               0.5903  +0.1124  [+0.0691, +0.1616]
[B] 32 episodes (0..31), base v2_c3 = 0.6165 (pull 0.4779); parameters around v2_c3, one at a time
 b_m1   prime_weeks=1                                  0.6164  -0.0001 [-0.0035, +0.0026]
 b_m3   prime_weeks=3                                  0.6119  -0.0047 [-0.0068, -0.0026]
 b_m4   prime_weeks=4                                  0.6133  -0.0033 [-0.0055, -0.0012]
 b_on85 on_ratio=0.85                                  0.6179  +0.0014 [+0.0001, +0.0028]
 b_on100 on_ratio=1.0                                  0.6153  -0.0012 [-0.0042, +0.0011]
 b_pm0  pulse_min=0 (every grid with a fab pulses)      0.6147  -0.0019 [-0.0033, -0.0006]
 b_pm3  pulse_min=0.3 (TW, KR only)                    0.6170  +0.0005 [+0.0001, +0.0011]
 b_end8 end_weeks=8                                    0.6142  -0.0023 [-0.0032, -0.0014]
 b_end16 end_weeks=16                                  0.6203  +0.0038 [+0.0026, +0.0052]
 b_ss0  ss_weeks=0 (no safety stock above the threshold) 0.5793 -0.0373 [-0.0653, -0.0155]
 b_ss6  ss_weeks=0.6                                   0.6159  -0.0007 [-0.0013, -0.0001]
 b_c2   cover_weeks=2                                  0.6174  +0.0009 [-0.0033, +0.0056]
 b_c4   cover_weeks=4                                  0.6021  -0.0145 [-0.0272, -0.0048]
[64 episodes] pull 0.4968; v1_c1 0.5840 (+0.0872 [+0.0643,+0.1107]); v2_c3 0.6302 (+0.1334 [+0.1081,+0.1576])
[C] 32 episodes, two-pass ordering (essential level cover_weeks, then top-up top_weeks from what is left); base v2_c3 = 0.6165
 p_c1t3 cover 1, top 3                                 0.6419  +0.0253 [+0.0143, +0.0379]
 p_c1t2 cover 1, top 2                                 0.6356  +0.0191 [+0.0083, +0.0313]
 p_c1t4 cover 1, top 4                                 0.6424  +0.0258 [+0.0147, +0.0384]
 p_c1t6 cover 1, top 6                                 0.6424  +0.0259 [+0.0146, +0.0385]
 p_c2t4 cover 2, top 4                                 0.6336  +0.0170 [+0.0088, +0.0264]
 p_c1t3_np  cover 1, top 3, no pulse                   0.5940  -0.0225 [-0.0472, +0.0027]
[D] 32 episodes, base p_c1t4 = 0.6424
 p_c05t4 cover 0.5, top 4                              0.6469  +0.0045 [+0.0014, +0.0081]
 p_c0t4  cover 0, top 4                                0.6491  +0.0067 [+0.0037, +0.0102]
 p_c1t4_ss2 ss_weeks=0.2                               0.6430  +0.0006 [-0.0001, +0.0013]
 p_c1t4_ss45 ss_weeks=0.45                             0.6407  -0.0017 [-0.0030, -0.0005]
 p_c1t4_end16 end_weeks=16                             0.6462  +0.0039 [+0.0026, +0.0052]
[E] 32 episodes, base p_c0t4 = 0.6491
 q_c0t4e16   cover 0, top 4, end 16                    0.6542  +0.0051 [+0.0036, +0.0067]
 q_c0t4e20   cover 0, top 4, end 20                    0.6521  +0.0030 [+0.0017, +0.0047]
 q_cm5t4e16  cover -0.5, top 4, end 16                 0.6553  +0.0062 [+0.0036, +0.0085]
 q_c0t4e16_m1 + prime_weeks=1                          0.6498  +0.0007 [-0.0040, +0.0046]
 q_c0t4e16_on85 + on_ratio=0.85                        0.6499  +0.0008 [-0.0097, +0.0080]
[G] 32 episodes, base s0 = defaults incl. crude_first = 0.6639 (identical to r_cf)
 s_bank    bank_crude=true, bank_ratio 0.7 (other fuels wait at the terminal while the grid holds/primes, if scarce)  0.6704  +0.0065 [+0.0020, +0.0112]
 s_bank5   bank_ratio 0.5                                                                                             0.6679  +0.0040 [+0.0004, +0.0088]
 s_bank99  bank_ratio 0.99                                                                                            0.6705  +0.0066 [+0.0019, +0.0120]
[H] HELD-OUT episodes 32..63 (nothing was tuned on them), pull = 0.5178
 v1_c1      no pulse, single pass, cover 1                   0.5859  +0.0681 [+0.0427, +0.0969]
 v2_c3      pulse, single pass, cover 3                      0.6413  +0.1235 [+0.0953, +0.1532]
 p_c1t4     two-pass (cover 1, top 4)                        0.6551  +0.1372 [+0.1100, +0.1670]
 q_c0t4e16  cover 0, top 4, end 16                           0.6640  +0.1461 [+0.1188, +0.1763]
 s0         + crude_first                                    0.6774  +0.1595 [+0.1265, +0.1936]
 t_default  + bank_crude (0.9)  [= the agent file's defaults] 0.6824  +0.1646 [+0.1294, +0.2010]
[I] 64 episodes (0..63): pull 0.4968; v1_c1 0.5840 (+0.0872 [+0.0643, +0.1107]); t_default 0.6779 (+0.1811 [+0.1542, +0.2076]); by harm level pull 0.388/0.578/0.624/0.612 -> t_default 0.623/0.731/0.720/0.738
[J] sweep around t_default on each half (first = episodes 0..31, second = 32..63); differences vs t_default (0.6707 / 0.6824)
 pulse_min 0.3 (JP not pulsing)      -0.0037 / -0.0074   | pulse_min 0.15 = default (JP 0.20, EU 0.025)
 prime_weeks 1                       -0.0016 / -0.0008   | prime_weeks 3  -0.0047 / -0.0063
 on_ratio 0.9                        +0.0008 / +0.0023   | on_ratio 1.0   -0.0005 / -0.0004
 end_weeks 14                        -0.0028 / -0.0043   | end_weeks 18   +0.0024 / +0.0003
 ss_weeks 0.2                        +0.0007 / -0.0005   | ss_weeks 0.4   +0.0005 / -0.0001
 top_weeks 3                         -0.0003 / -0.0009   | top_weeks 6    +0.0000 / +0.0003
 queue_frac 0.0                      +0.0126 / +0.0038   (intervals -0.0022..+0.0294 / -0.0021..+0.0105) | queue_frac 1.0  -0.0555 / -0.0314
 fleet_frac 0.5                      -0.0392 / -0.0406
 grid_cover_weeks 1.0                -0.0021 / -0.0010   | grid_cover_weeks 0.25  +0.0017 / -0.0010
[K] base w_qf0 = t_default + queue_frac 0 (0.6833 / 0.6862 on the two halves); differences
 queue_frac 0.2                      +0.0035 / +0.0019
 fleet_frac 1.0                      +0.0034 / +0.0023  (intervals +0.0011..+0.0059 / +0.0002..+0.0054)
 fleet_frac 1.3, 2.0, 100 (all identical: constraint never binds in our plans)  +0.0004 / +0.0005
 queue_horizon 2                     -0.0004 / -0.0007  | queue_horizon 8  +0.0004 / -0.0003 | queue_horizon 0  -0.0050 / -0.0026
[L] base x_a = queue_frac 0, fleet_frac 1.0 (0.6867 / 0.6886); differences
 fleet_frac 0.95  -0.0006 / -0.0012 | fleet_frac 1.1  -0.0027 / -0.0005   => 1.0
 queue_frac 0.1   +0.0033 / +0.0032 (n.s. / [+0.0001,+0.0072])
 on_ratio 0.9     +0.0008 / +0.0019
 on_ratio 0.9 + end_weeks 18   +0.0015 / +0.0018
[M] base y0 = defaults (queue_frac 0.15, fleet_frac 1.0, on_ratio 0.9, crude_first, bank_crude, cover 0, top 4, end 16): 0.6898 (eps 0..31) / 0.6924 (eps 32..63)
 wafer gate: prime a grid only if its fabs can take >= w of the sliver (wafers on hand)
   w_prime 0.3  -0.0009 / -0.0018 | w_prime 0.6  -0.0013 / -0.0024 | w_prime 1.0  -0.0029 / -0.0045
 wafer gate: stop feeding a running grid whose fabs take < w of the sliver
   w_stop 0.15  -0.0139 / -0.0142 | w_stop 0.3   -0.0150 / -0.0184
   w_prime 0.6 + w_stop 0.15  -0.0183 / -0.0223 | w_prime 1.0 + w_stop 0.3  -0.0200 / -0.0279     => does not help (code removed from the final agent)
[N] base y0 (0.6898 / 0.6924); differences
 prime_arrivals (count cargo landing at the terminal this week in the prime decision)  +0.0031 / +0.0024   => adopted
 lane_order cost  -0.0060 / -0.0013 | lane_order capacity  -0.0002 / +0.0019 | priority reverse  -0.0038 / -0.0059 | priority none (= instance order = value order here)  +0.0000
[O] base a0 = y0 + prime_arrivals (0.6929 / 0.6948): EU pulsing re-test
 pulse_min 0 (EU pulses too)        -0.0005 / -0.0002 | + prime_weeks 1  -0.0142 / -0.0275 | + prime_weeks 3  -0.0022 / -0.0038 | + on_ratio 0.95  -0.0012 / -0.0010 | + on_ratio 0.8  -0.0054 / -0.0158
[P] FULL network, 8 episodes of root 111 (cached references; cache copied into the worktree): pull 0.4181; v1_c1 0.5278 (+0.1097 [+0.0191,+0.1799]); f_final (current defaults) 0.6878 (+0.2698 [+0.1613,+0.3627])
    nuclear fuel on a 104-week Full episode: stock at the end about one week of burn per grid (pull leaves 228K to 997K GWh), shipped 1.80M against pull's 4.54M
