2 relaxed {'n': 2, 'flags': (), 'status': 0, 'gap': 0.0, 'secs': 4.13547, 'nb': {'s': 0, 'u': 0, 'b': 0, 'a': 0}, 'J': 282991653227769, 'dual_obj': 2849914174878.818, 'obj': 2849914174878.8154, 'played': 299199235883150}
1 relaxed {'n': 1, 'flags': (), 'status': 0, 'gap': 0.0, 'secs': 4.15426, 'nb': {'s': 0, 'u': 0, 'b': 0, 'a': 0}, 'J': 387785381516881, 'dual_obj': 3909839008660.595, 'obj': 3909839008660.626, 'played': 402451295847539}
0 relaxed {'n': 0, 'flags': (), 'status': 0, 'gap': 0.0, 'secs': 4.41288, 'nb': {'s': 0, 'u': 0, 'b': 0, 'a': 0}, 'J': 215136502645985, 'dual_obj': 2164695560733.1943, 'obj': 2164695560733.1821, 'played': 244553375130423}
2 base {'n': 2, 'flags': ('base',), 'status': 1, 'gap': 0.00157, 'secs': 200.11773, 'nb': {'s': 208, 'u': 0, 'b': 0, 'a': 0}, 'J': 290751620862540, 'dual_obj': 2922919281121.873, 'obj': 2927513851226.2773, 'played': 299111998111996}
1 base {'n': 1, 'flags': ('base',), 'status': 1, 'gap': 0.00018, 'secs': 200.27672, 'nb': {'s': 208, 'u': 0, 'b': 0, 'a': 0}, 'J': 388036412673830, 'dual_obj': 3911638888167.0684, 'obj': 3912352470421.885, 'played': 397938850729192}
0 base {'n': 0, 'flags': ('base',), 'status': 1, 'gap': 0.00028, 'secs': 200.59176, 'nb': {'s': 208, 'u': 0, 'b': 0, 'a': 0}, 'J': 215197835597273, 'dual_obj': 2164704306821.307, 'obj': 2165309022778.7979, 'played': 228789544934039}
1 lots {'n': 1, 'flags': ('lots',), 'status': 0, 'gap': 2e-05, 'secs': 1.23812, 'nb': {'s': 0, 'u': 208, 'b': 312, 'a': 0}, 'J': 387787663735209, 'dual_obj': 3909839008660.629, 'obj': 3909902518949.965, 'played': 401933245597366}
0 lots {'n': 0, 'flags': ('lots',), 'status': 0, 'gap': 0.0, 'secs': 1.44714, 'nb': {'s': 0, 'u': 208, 'b': 312, 'a': 0}, 'J': 215136502645982, 'dual_obj': 2164695560733.1836, 'obj': 2164695560733.1821, 'played': 244987389532550}
2 lots {'n': 2, 'flags': ('lots',), 'status': 0, 'gap': 8e-05, 'secs': 10.33508, 'nb': {'s': 0, 'u': 208, 'b': 312, 'a': 0}, 'J': 282990726951656, 'dual_obj': 2849916419136.6465, 'obj': 2850136673700.2344, 'played': 298047286092587}
2 pack {'n': 2, 'flags': ('pack',), 'status': 0, 'gap': 2e-05, 'secs': 9.9909, 'nb': {'s': 0, 'u': 0, 'b': 0, 'a': 156}, 'J': 283042748782652, 'dual_obj': 2850366210028.426, 'obj': 2850425130427.6113, 'played': 298957900716859}
1 pack {'n': 1, 'flags': ('pack',), 'status': 0, 'gap': 0.0, 'secs': 31.35153, 'nb': {'s': 0, 'u': 0, 'b': 0, 'a': 156}, 'J': 387848654707875, 'dual_obj': 3910470369466.8027, 'obj': 3910471556668.83, 'played': 402215013825041}
0 pack {'n': 0, 'flags': ('pack',), 'status': 0, 'gap': 8e-05, 'secs': 32.66239, 'nb': {'s': 0, 'u': 0, 'b': 0, 'a': 156}, 'J': 215406616607055, 'dual_obj': 2167214551423.9258, 'obj': 2167396700343.918, 'played': 242995324651809}
2 all {'n': 2, 'flags': ('base', 'lots', 'pack'), 'status': 1, 'gap': 0.00277, 'secs': 200.16789, 'nb': {'s': 208, 'u': 208, 'b': 312, 'a': 156}, 'J': 291093271744335, 'dual_obj': 2922803145573.375, 'obj': 2930930360044.476, 'played': 297014341717592}
3 relaxed {'n': 3, 'flags': (), 'status': 0, 'gap': 0.0, 'secs': 3.57644, 'nb': {'s': 0, 'u': 0, 'b': 0, 'a': 0}, 'J': 297860203268936, 'dual_obj': 3003634149870.964, 'obj': 3003634149870.965, 'played': 340262356491897}
1 all {'n': 1, 'flags': ('base', 'lots', 'pack'), 'status': 1, 'gap': 0.00074, 'secs': 200.13267, 'nb': {'s': 208, 'u': 208, 'b': 312, 'a': 156}, 'J': 388230030898711, 'dual_obj': 3911396905908.037, 'obj': 3914298625546.4404, 'played': 393433386018713}
0 all {'n': 0, 'flags': ('base', 'lots', 'pack'), 'status': 1, 'gap': 0.00013, 'secs': 200.19321, 'nb': {'s': 208, 'u': 208, 'b': 312, 'a': 156}, 'J': 215436488158556, 'dual_obj': 2167400448609.1406, 'obj': 2167686790715.371, 'played': 225601485913402}
4 relaxed {'n': 4, 'flags': (), 'status': 0, 'gap': 0.0, 'secs': 2.7007, 'nb': {'s': 0, 'u': 0, 'b': 0, 'a': 0}, 'J': 364245878638635, 'dual_obj': 3666812218856.759, 'obj': 3666812218856.801, 'played': 369752220821096}
5 relaxed {'n': 5, 'flags': (), 'status': 0, 'gap': 0.0, 'secs': 4.98223, 'nb': {'s': 0, 'u': 0, 'b': 0, 'a': 0}, 'J': 363137440946820, 'dual_obj': 3666049738794.264, 'obj': 3666049738794.2666, 'played': 441861666925249}
4 base {'n': 4, 'flags': ('base',), 'status': 0, 'gap': 0.0, 'secs': 19.63919, 'nb': {'s': 208, 'u': 0, 'b': 0, 'a': 0}, 'J': 364246956320173, 'dual_obj': 3666815278286.042, 'obj': 3666822995672.138, 'played': 369452267322412}
4 lots {'n': 4, 'flags': ('lots',), 'status': 0, 'gap': 2e-05, 'secs': 1.05052, 'nb': {'s': 0, 'u': 208, 'b': 312, 'a': 0}, 'J': 364245572259584, 'dual_obj': 3666812218856.789, 'obj': 3666867850713.4453, 'played': 370012405420132}
4 pack {'n': 4, 'flags': ('pack',), 'status': 0, 'gap': 8e-05, 'secs': 59.76686, 'nb': {'s': 0, 'u': 0, 'b': 0, 'a': 156}, 'J': 366129420652384, 'dual_obj': 3685346427792.824, 'obj': 3685647638994.2773, 'played': 368408011899515}
3 base {'n': 3, 'flags': ('base',), 'status': 1, 'gap': 0.01511, 'secs': 200.23531, 'nb': {'s': 208, 'u': 0, 'b': 0, 'a': 0}, 'J': 312739794253677, 'dual_obj': 3104788964707.3843, 'obj': 3152436827940.64, 'played': 330298757298766}
3 lots {'n': 3, 'flags': ('lots',), 'status': 0, 'gap': 7e-05, 'secs': 2.07618, 'nb': {'s': 0, 'u': 208, 'b': 312, 'a': 0}, 'J': 297859772177302, 'dual_obj': 3003634149870.949, 'obj': 3003831526903.6104, 'played': 340699040499744}
5 base {'n': 5, 'flags': ('base',), 'status': 1, 'gap': 0.02043, 'secs': 200.1499, 'nb': {'s': 208, 'u': 0, 'b': 0, 'a': 0}, 'J': 413987196044039, 'dual_obj': 4089272810646.8584, 'obj': 4174551654445.043, 'played': 430216040964901}
5 lots {'n': 5, 'flags': ('lots',), 'status': 0, 'gap': 0.0, 'secs': 1.47263, 'nb': {'s': 0, 'u': 208, 'b': 312, 'a': 0}, 'J': 363137440946821, 'dual_obj': 3666049738794.2637, 'obj': 3666049738794.267, 'played': 441754355940679}
5 pack {'n': 5, 'flags': ('pack',), 'status': 0, 'gap': 0.0, 'secs': 25.36419, 'nb': {'s': 0, 'u': 0, 'b': 0, 'a': 156}, 'J': 363138108311566, 'dual_obj': 3666049738794.244, 'obj': 3666056412441.751, 'played': 441922879805050}
3 pack {'n': 3, 'flags': ('pack',), 'status': 0, 'gap': 2e-05, 'secs': 58.06897, 'nb': {'s': 0, 'u': 0, 'b': 0, 'a': 156}, 'J': 297864640063541, 'dual_obj': 3003634149870.9453, 'obj': 3003679491506.9336, 'played': 340316315328844}
4 all {'n': 4, 'flags': ('base', 'lots', 'pack'), 'status': 0, 'gap': 2e-05, 'secs': 183.29237, 'nb': {'s': 208, 'u': 208, 'b': 312, 'a': 156}, 'J': 366132579376450, 'dual_obj': 3685647488841.258, 'obj': 3685722829729.266, 'played': 369223348180259}
6 relaxed {'n': 6, 'flags': (), 'status': 0, 'gap': 0.0, 'secs': 3.27324, 'nb': {'s': 0, 'u': 0, 'b': 0, 'a': 0}, 'J': 232112308688625, 'dual_obj': 2339955895760.446, 'obj': 2339955895760.463, 'played': 244135282600941}
5 all {'n': 5, 'flags': ('base', 'lots', 'pack'), 'status': 1, 'gap': 0.01915, 'secs': 200.14879, 'nb': {'s': 208, 'u': 208, 'b': 312, 'a': 156}, 'J': 413375774520380, 'dual_obj': 4088607465833.922, 'obj': 4168437219188.369, 'played': 427707163153296}
7 relaxed {'n': 7, 'flags': (), 'status': 0, 'gap': 0.0, 'secs': 2.50079, 'nb': {'s': 0, 'u': 0, 'b': 0, 'a': 0}, 'J': 382555281244278, 'dual_obj': 3852781010093.522, 'obj': 3852781010093.5234, 'played': 398473884019643}
3 all {'n': 3, 'flags': ('base', 'lots', 'pack'), 'status': 1, 'gap': 0.01341, 'secs': 200.20888, 'nb': {'s': 208, 'u': 208, 'b': 312, 'a': 156}, 'J': 312197044854072, 'dual_obj': 3104789074763.2305, 'obj': 3147001332546.7705, 'played': 327037467885672}
8 relaxed {'n': 8, 'flags': (), 'status': 0, 'gap': 0.0, 'secs': 2.47336, 'nb': {'s': 0, 'u': 0, 'b': 0, 'a': 0}, 'J': 174779441146960, 'dual_obj': 1760876171624.9954, 'obj': 1760876171624.9934, 'played': 208786683909007}
6 base {'n': 6, 'flags': ('base',), 'status': 1, 'gap': 0.00742, 'secs': 200.08498, 'nb': {'s': 208, 'u': 0, 'b': 0, 'a': 0}, 'J': 237479266221679, 'dual_obj': 2375858698169.2495, 'obj': 2393625471091.039, 'played': 239919253828425}
6 lots {'n': 6, 'flags': ('lots',), 'status': 0, 'gap': 3e-05, 'secs': 22.21165, 'nb': {'s': 0, 'u': 208, 'b': 312, 'a': 0}, 'J': 232113295516413, 'dual_obj': 2339960075460.5293, 'obj': 2340022482619.9927, 'played': 243966167598729}
6 pack {'n': 6, 'flags': ('pack',), 'status': 0, 'gap': 0.0, 'secs': 28.31732, 'nb': {'s': 0, 'u': 0, 'b': 0, 'a': 156}, 'J': 232112795439847, 'dual_obj': 2339955895760.4375, 'obj': 2339960763272.713, 'played': 243938170291537}
7 base {'n': 7, 'flags': ('base',), 'status': 1, 'gap': 0.00138, 'secs': 200.13809, 'nb': {'s': 208, 'u': 0, 'b': 0, 'a': 0}, 'J': 383769372390351, 'dual_obj': 3859609311198.8423, 'obj': 3864926938678.913, 'played': 390602405371142}
7 lots {'n': 7, 'flags': ('lots',), 'status': 0, 'gap': 0.0, 'secs': 0.7312, 'nb': {'s': 0, 'u': 208, 'b': 312, 'a': 0}, 'J': 382555281244280, 'dual_obj': 3852781010093.5176, 'obj': 3852781010093.5244, 'played': 398056384356179}
7 pack {'n': 7, 'flags': ('pack',), 'status': 0, 'gap': 9e-05, 'secs': 13.42285, 'nb': {'s': 0, 'u': 0, 'b': 0, 'a': 156}, 'J': 382716254275924, 'dual_obj': 3854039530716.2188, 'obj': 3854390740409.965, 'played': 397406953920436}
8 base {'n': 8, 'flags': ('base',), 'status': 1, 'gap': 0.01652, 'secs': 200.20702, 'nb': {'s': 208, 'u': 0, 'b': 0, 'a': 0}, 'J': 183527072253129, 'dual_obj': 1817821596319.5317, 'obj': 1848357539309.982, 'played': 201342907194440}
8 lots {'n': 8, 'flags': ('lots',), 'status': 0, 'gap': 9e-05, 'secs': 8.32419, 'nb': {'s': 0, 'u': 208, 'b': 312, 'a': 0}, 'J': 174782444834678, 'dual_obj': 1760876666728.8125, 'obj': 1761042114938.0874, 'played': 209645123768982}
8 pack {'n': 8, 'flags': ('pack',), 'status': 0, 'gap': 0.0, 'secs': 19.91508, 'nb': {'s': 0, 'u': 0, 'b': 0, 'a': 156}, 'J': 174780047281750, 'dual_obj': 1760876171624.9805, 'obj': 1760882232974.937, 'played': 208295850311342}
6 all {'n': 6, 'flags': ('base', 'lots', 'pack'), 'status': 1, 'gap': 0.01115, 'secs': 200.22527, 'nb': {'s': 208, 'u': 208, 'b': 312, 'a': 156}, 'J': 238198533668729, 'dual_obj': 2374116289995.416, 'obj': 2400874546637.295, 'played': 240103875856031}
9 relaxed {'n': 9, 'flags': (), 'status': 0, 'gap': 0.0, 'secs': 3.10774, 'nb': {'s': 0, 'u': 0, 'b': 0, 'a': 0}, 'J': 75212961096114, 'dual_obj': 754999167633.2238, 'obj': 754999167633.2217, 'played': 104269727125257}
9 base {'n': 9, 'flags': ('base',), 'status': 0, 'gap': 1e-05, 'secs': 71.20746, 'nb': {'s': 208, 'u': 0, 'b': 0, 'a': 0}, 'J': 75214034949582, 'dual_obj': 754999245509.1055, 'obj': 755009906167.8538, 'played': 81792105830570}
7 all {'n': 7, 'flags': ('base', 'lots', 'pack'), 'status': 1, 'gap': 0.00241, 'secs': 200.24491, 'nb': {'s': 208, 'u': 208, 'b': 312, 'a': 156}, 'J': 384142544431169, 'dual_obj': 3859317690799.4727, 'obj': 3868657827828.211, 'played': 388572734482584}
10 relaxed {'n': 10, 'flags': (), 'status': 0, 'gap': 0.0, 'secs': 2.79273, 'nb': {'s': 0, 'u': 0, 'b': 0, 'a': 0}, 'J': 232390511295055, 'dual_obj': 2337940144821.8774, 'obj': 2337940144821.876, 'played': 239715538805635}
10 base {'n': 10, 'flags': ('base',), 'status': 0, 'gap': 0.0, 'secs': 11.56911, 'nb': {'s': 208, 'u': 0, 'b': 0, 'a': 0}, 'J': 232391467674916, 'dual_obj': 2337941260844.913, 'obj': 2337949708620.481, 'played': 239004641162290}
10 lots {'n': 10, 'flags': ('lots',), 'status': 0, 'gap': 7e-05, 'secs': 0.73497, 'nb': {'s': 0, 'u': 208, 'b': 312, 'a': 0}, 'J': 232392522181232, 'dual_obj': 2337940144821.871, 'obj': 2338111466265.8096, 'played': 237625150627506}
10 pack {'n': 10, 'flags': ('pack',), 'status': 0, 'gap': 2e-05, 'secs': 2.91706, 'nb': {'s': 0, 'u': 0, 'b': 0, 'a': 156}, 'J': 232395155452693, 'dual_obj': 2337940651514.908, 'obj': 2337986586398.2686, 'played': 237042149898150}
8 all {'n': 8, 'flags': ('base', 'lots', 'pack'), 'status': 1, 'gap': 0.0194, 'secs': 200.28554, 'nb': {'s': 208, 'u': 208, 'b': 312, 'a': 156}, 'J': 183797780310219, 'dual_obj': 1815160348043.7617, 'obj': 1851075395187.8362, 'played': 198912619888844}
11 relaxed {'n': 11, 'flags': (), 'status': 0, 'gap': 0.0, 'secs': 2.54853, 'nb': {'s': 0, 'u': 0, 'b': 0, 'a': 0}, 'J': 364667691170664, 'dual_obj': 3677206965154.748, 'obj': 3677206965154.7393, 'played': 403413688019312}
10 all {'n': 10, 'flags': ('base', 'lots', 'pack'), 'status': 0, 'gap': 2e-05, 'secs': 65.46107, 'nb': {'s': 208, 'u': 208, 'b': 312, 'a': 156}, 'J': 232392625056581, 'dual_obj': 2337945140168.287, 'obj': 2338000550432.566, 'played': 237022634003444}
12 relaxed {'n': 12, 'flags': (), 'status': 0, 'gap': 0.0, 'secs': 1.28455, 'nb': {'s': 0, 'u': 0, 'b': 0, 'a': 0}, 'J': 148130901418620, 'dual_obj': 1484335928268.2112, 'obj': 1484335928268.212, 'played': 152702243139485}
12 base {'n': 12, 'flags': ('base',), 'status': 0, 'gap': 1e-05, 'secs': 7.98422, 'nb': {'s': 208, 'u': 0, 'b': 0, 'a': 0}, 'J': 148131881674487, 'dual_obj': 1484335928268.213, 'obj': 1484345816085.6812, 'played': 152622213754701}
9 lots {'n': 9, 'flags': ('lots',), 'status': 1, 'gap': 0.00014, 'secs': 200.1364, 'nb': {'s': 0, 'u': 208, 'b': 312, 'a': 0}, 'J': 75218781533159, 'dual_obj': 755006670440.832, 'obj': 755113412638.4976, 'played': 104284805189742}
12 lots {'n': 12, 'flags': ('lots',), 'status': 0, 'gap': 3e-05, 'secs': 59.56442, 'nb': {'s': 0, 'u': 208, 'b': 312, 'a': 0}, 'J': 148137972751233, 'dual_obj': 1484411977791.8672, 'obj': 1484452354954.111, 'played': 151954285189965}
12 pack {'n': 12, 'flags': ('pack',), 'status': 0, 'gap': 9e-05, 'secs': 11.55025, 'nb': {'s': 0, 'u': 0, 'b': 0, 'a': 156}, 'J': 148332048525285, 'dual_obj': 1486209162976.8984, 'obj': 1486347399334.779, 'played': 151104822389388}
9 pack {'n': 9, 'flags': ('pack',), 'status': 0, 'gap': 0.0, 'secs': 42.73161, 'nb': {'s': 0, 'u': 0, 'b': 0, 'a': 156}, 'J': 75212964509259, 'dual_obj': 754999167633.1953, 'obj': 754999201764.6704, 'played': 104292030118743}
11 base {'n': 11, 'flags': ('base',), 'status': 1, 'gap': 0.00219, 'secs': 200.07023, 'nb': {'s': 208, 'u': 0, 'b': 0, 'a': 0}, 'J': 390073666886306, 'dual_obj': 3922667372986.0107, 'obj': 3931266722311.172, 'played': 395901319896600}
11 lots {'n': 11, 'flags': ('lots',), 'status': 0, 'gap': 0.0, 'secs': 1.30023, 'nb': {'s': 0, 'u': 208, 'b': 312, 'a': 0}, 'J': 364667691170667, 'dual_obj': 3677206965154.7363, 'obj': 3677206965154.7393, 'played': 403272331581098}
11 pack {'n': 11, 'flags': ('pack',), 'status': 0, 'gap': 0.0, 'secs': 2.53332, 'nb': {'s': 0, 'u': 0, 'b': 0, 'a': 156}, 'J': 364667849969305, 'dual_obj': 3677206965154.7246, 'obj': 3677208553141.158, 'played': 403576441341969}
12 all {'n': 12, 'flags': ('base', 'lots', 'pack'), 'status': 1, 'gap': 0.00033, 'secs': 200.13895, 'nb': {'s': 208, 'u': 208, 'b': 312, 'a': 156}, 'J': 148370572733877, 'dual_obj': 1486259223266.9531, 'obj': 1486751761326.4297, 'played': 150172647258892}
13 relaxed {'n': 13, 'flags': (), 'status': 0, 'gap': 0.0, 'secs': 3.27605, 'nb': {'s': 0, 'u': 0, 'b': 0, 'a': 0}, 'J': 79379420480825, 'dual_obj': 799542323177.4451, 'obj': 799542323177.4464, 'played': 141136036799579}
9 all {'n': 9, 'flags': ('base', 'lots', 'pack'), 'status': 1, 'gap': 0.002, 'secs': 200.18134, 'nb': {'s': 208, 'u': 208, 'b': 312, 'a': 156}, 'J': 75348206057476, 'dual_obj': 754999852819.4414, 'obj': 756509295317.1389, 'played': 87249585133469}
14 relaxed {'n': 14, 'flags': (), 'status': 0, 'gap': 0.0, 'secs': 1.85429, 'nb': {'s': 0, 'u': 0, 'b': 0, 'a': 0}, 'J': 222923265853818, 'dual_obj': 2244646440342.3867, 'obj': 2244646440342.4062, 'played': 225188482537394}
11 all {'n': 11, 'flags': ('base', 'lots', 'pack'), 'status': 1, 'gap': 0.00281, 'secs': 200.10131, 'nb': {'s': 208, 'u': 208, 'b': 312, 'a': 156}, 'J': 390309382080928, 'dual_obj': 3922566500717.5273, 'obj': 3933622477926.5063, 'played': 396351354270959}
15 relaxed {'n': 15, 'flags': (), 'status': 0, 'gap': 0.0, 'secs': 2.3089, 'nb': {'s': 0, 'u': 0, 'b': 0, 'a': 0}, 'J': 332885613682020, 'dual_obj': 3355065071804.6143, 'obj': 3355065071804.6255, 'played': 338962820329109}
13 base {'n': 13, 'flags': ('base',), 'status': 1, 'gap': 0.09, 'secs': 200.10719, 'nb': {'s': 208, 'u': 0, 'b': 0, 'a': 0}, 'J': 90569199282213, 'dual_obj': 829415378488.8861, 'obj': 911448161136.1875, 'played': 107460416879177}
13 lots {'n': 13, 'flags': ('lots',), 'status': 0, 'gap': 0.0001, 'secs': 5.16417, 'nb': {'s': 0, 'u': 208, 'b': 312, 'a': 0}, 'J': 79380094501196, 'dual_obj': 799542347916.7656, 'obj': 799621866359.1494, 'played': 141473658062811}
13 pack {'n': 13, 'flags': ('pack',), 'status': 0, 'gap': 3e-05, 'secs': 5.83524, 'nb': {'s': 0, 'u': 0, 'b': 0, 'a': 156}, 'J': 79381860969742, 'dual_obj': 799542323177.4297, 'obj': 799566728066.6652, 'played': 141637376000765}
14 base {'n': 14, 'flags': ('base',), 'status': 1, 'gap': 0.0003, 'secs': 200.08259, 'nb': {'s': 208, 'u': 0, 'b': 0, 'a': 0}, 'J': 224375290062256, 'dual_obj': 2258492364848.9043, 'obj': 2259166682426.81, 'played': 225178071644916}
15 base {'n': 15, 'flags': ('base',), 'status': 1, 'gap': 0.00234, 'secs': 200.13895, 'nb': {'s': 208, 'u': 0, 'b': 0, 'a': 0}, 'J': 334919027768419, 'dual_obj': 3367488803667.92, 'obj': 3375399212668.661, 'played': 339682234038778}
15 lots {'n': 15, 'flags': ('lots',), 'status': 0, 'gap': 6e-05, 'secs': 7.18974, 'nb': {'s': 0, 'u': 208, 'b': 312, 'a': 0}, 'J': 332886851978735, 'dual_obj': 3355066793080.6797, 'obj': 3355278983189.09, 'played': 338628997348385}
15 pack {'n': 15, 'flags': ('pack',), 'status': 0, 'gap': 0.0, 'secs': 3.25511, 'nb': {'s': 0, 'u': 0, 'b': 0, 'a': 156}, 'J': 332887260044246, 'dual_obj': 3355065071804.59, 'obj': 3355081535426.924, 'played': 339184641737388}
14 lots {'n': 14, 'flags': ('lots',), 'status': 0, 'gap': 0.0, 'secs': 173.85405, 'nb': {'s': 0, 'u': 208, 'b': 312, 'a': 0}, 'J': 222925532661677, 'dual_obj': 2244661840587.1953, 'obj': 2244669108421.0312, 'played': 225250221960697}
14 pack {'n': 14, 'flags': ('pack',), 'status': 0, 'gap': 0.0001, 'secs': 12.40448, 'nb': {'s': 0, 'u': 0, 'b': 0, 'a': 156}, 'J': 222947304165266, 'dual_obj': 2244662595752.453, 'obj': 2244886823456.9385, 'played': 225162125032908}
13 all {'n': 13, 'flags': ('base', 'lots', 'pack'), 'status': 1, 'gap': 0.0885, 'secs': 200.22293, 'nb': {'s': 208, 'u': 208, 'b': 312, 'a': 156}, 'J': 90417971727611, 'dual_obj': 829416175280.9258, 'obj': 909946019978.2957, 'played': 101728268132541}
15 all {'n': 15, 'flags': ('base', 'lots', 'pack'), 'status': 1, 'gap': 0.00211, 'secs': 200.15101, 'nb': {'s': 208, 'u': 208, 'b': 312, 'a': 156}, 'J': 334892317146005, 'dual_obj': 3368012679670.1133, 'obj': 3375134364546.422, 'played': 339407189081992}
14 all {'n': 14, 'flags': ('base', 'lots', 'pack'), 'status': 1, 'gap': 0.00049, 'secs': 200.08852, 'nb': {'s': 208, 'u': 208, 'b': 312, 'a': 156}, 'J': 224396455648997, 'dual_obj': 2258404410630.4688, 'obj': 2259502742078.155, 'played': 225106724352820}

16 episodes of root 111, network small
relaxed    optimum         score 1.0000  by level [1.0, 1.0, 1.0, 1.0]  gaps [0.0, 0.0, 0.0, 0.0, 0.0, 0.0, 0.0, 0.0, 0.0, 0.0, 0.0, 0.0, 0.0, 0.0, 0.0, 0.0]
relaxed    open-loop play  score 0.7287  by level [0.638, 0.804, 0.81, 0.903]  gaps [0.0, 0.0, 0.0, 0.0, 0.0, 0.0, 0.0, 0.0, 0.0, 0.0, 0.0, 0.0, 0.0, 0.0, 0.0, 0.0]
base       optimum         score 0.9098  by level [0.872, 0.938, 0.944, 1.0]  gaps [0.0003, 0.0002, 0.0016, 0.0151, 0.0, 0.0204, 0.0074, 0.0014, 0.0165, 0.0, 0.0, 0.0022, 0.0, 0.09, 0.0003, 0.0023]
base       open-loop play  score 0.8156  by level [0.767, 0.845, 0.876, 0.909]  gaps [0.0003, 0.0002, 0.0016, 0.0151, 0.0, 0.0204, 0.0074, 0.0014, 0.0165, 0.0, 0.0, 0.0022, 0.0, 0.09, 0.0003, 0.0023]
lots       optimum         score 1.0000  by level [1.0, 1.0, 1.0, 1.0]  gaps [0.0, 0.0, 0.0001, 0.0001, 0.0, 0.0, 0.0, 0.0, 0.0001, 0.0001, 0.0001, 0.0, 0.0, 0.0001, 0.0, 0.0001]
lots       open-loop play  score 0.7306  by level [0.641, 0.804, 0.814, 0.899]  gaps [0.0, 0.0, 0.0001, 0.0001, 0.0, 0.0, 0.0, 0.0, 0.0001, 0.0001, 0.0001, 0.0, 0.0, 0.0001, 0.0, 0.0001]
pack       optimum         score 0.9986  by level [1.0, 1.0, 0.999, 0.967]  gaps [0.0001, 0.0, 0.0, 0.0, 0.0001, 0.0, 0.0, 0.0001, 0.0, 0.0, 0.0, 0.0, 0.0001, 0.0, 0.0001, 0.0]
pack       open-loop play  score 0.7326  by level [0.638, 0.808, 0.82, 0.927]  gaps [0.0001, 0.0, 0.0, 0.0, 0.0001, 0.0, 0.0, 0.0001, 0.0, 0.0, 0.0, 0.0, 0.0001, 0.0, 0.0001, 0.0]
all        optimum         score 0.9082  by level [0.872, 0.937, 0.943, 0.967]  gaps [0.0001, 0.0007, 0.0028, 0.0134, 0.0, 0.0192, 0.0111, 0.0024, 0.0194, 0.002, 0.0, 0.0028, 0.0003, 0.0885, 0.0005, 0.0021]
all        open-loop play  score 0.8315  by level [0.784, 0.862, 0.89, 0.913]  gaps [0.0001, 0.0007, 0.0028, 0.0134, 0.0, 0.0192, 0.0111, 0.0024, 0.0194, 0.002, 0.0, 0.0028, 0.0003, 0.0885, 0.0005, 0.0021]
per-episode J cents {'relaxed': [215136502645985, 387785381516881, 282991653227769, 297860203268936, 364245878638635, 363137440946820, 232112308688625, 382555281244278, 174779441146960, 75212961096114, 232390511295055, 364667691170664, 148130901418620, 79379420480825, 222923265853818, 332885613682020], 'base': [215197835597273, 388036412673830, 290751620862540, 312739794253677, 364246956320173, 413987196044039, 237479266221679, 383769372390351, 183527072253129, 75214034949582, 232391467674916, 390073666886306, 148131881674487, 90569199282213, 224375290062256, 334919027768419], 'lots': [215136502645982, 387787663735209, 282990726951656, 297859772177302, 364245572259584, 363137440946821, 232113295516413, 382555281244280, 174782444834678, 75218781533159, 232392522181232, 364667691170667, 148137972751233, 79380094501196, 222925532661677, 332886851978735], 'pack': [215406616607055, 387848654707875, 283042748782652, 297864640063541, 366129420652384, 363138108311566, 232112795439847, 382716254275924, 174780047281750, 75212964509259, 232395155452693, 364667849969305, 148332048525285, 79381860969742, 222947304165266, 332887260044246], 'all': [215436488158556, 388230030898711, 291093271744335, 312197044854072, 366132579376450, 413375774520380, 238198533668729, 384142544431169, 183797780310219, 75348206057476, 232392625056581, 390309382080928, 148370572733877, 90417971727611, 224396455648997, 334892317146005]}
